# Generated Project Fusion File
# Project: project-fusion v0.0.1
# Generated: 16/08/2025 20:41:00 UTC−4
# UTC: 2025-08-17T00:41:00.031Z
# Files: 3
# Generated by: project-fusion

<!-- ============================================================ -->
<!-- FILE: package.json                                           -->
<!-- ============================================================ -->
{
  "name": "test-package",
  "version": "1.0.0"
}

<!-- ============================================================ -->
<!-- FILE: README.md                                              -->
<!-- ============================================================ -->
# Test Project

This is a **test** project with _markdown_ content.

## Features
- Feature 1
- Feature 2

<!-- ============================================================ -->
<!-- FILE: test.js                                                -->
<!-- ============================================================ -->
console.log('Hello World');
function greet(name) {
  return `Hello, ${name}!`;
}
export { greet };

